------------------------------------------------------------
Timing Analyzer Summary
------------------------------------------------------------

Type  : Slow 1200mV 85C Model Setup 'u_vga|video_pll_0|video_pll|PLL_for_DE_Series_Boards|auto_generated|pll1|clk[1]'
Slack : 26.353
TNS   : 0.000

Type  : Slow 1200mV 85C Model Hold 'u_vga|video_pll_0|video_pll|PLL_for_DE_Series_Boards|auto_generated|pll1|clk[1]'
Slack : 0.369
TNS   : 0.000

Type  : Slow 1200mV 85C Model Minimum Pulse Width 'CLOCK_50'
Slack : 9.819
TNS   : 0.000

Type  : Slow 1200mV 85C Model Minimum Pulse Width 'u_vga|video_pll_0|video_pll|PLL_for_DE_Series_Boards|auto_generated|pll1|clk[1]'
Slack : 19.707
TNS   : 0.000

Type  : Slow 1200mV 0C Model Setup 'u_vga|video_pll_0|video_pll|PLL_for_DE_Series_Boards|auto_generated|pll1|clk[1]'
Slack : 27.510
TNS   : 0.000

Type  : Slow 1200mV 0C Model Hold 'u_vga|video_pll_0|video_pll|PLL_for_DE_Series_Boards|auto_generated|pll1|clk[1]'
Slack : 0.353
TNS   : 0.000

Type  : Slow 1200mV 0C Model Minimum Pulse Width 'CLOCK_50'
Slack : 9.799
TNS   : 0.000

Type  : Slow 1200mV 0C Model Minimum Pulse Width 'u_vga|video_pll_0|video_pll|PLL_for_DE_Series_Boards|auto_generated|pll1|clk[1]'
Slack : 19.708
TNS   : 0.000

Type  : Fast 1200mV 0C Model Setup 'u_vga|video_pll_0|video_pll|PLL_for_DE_Series_Boards|auto_generated|pll1|clk[1]'
Slack : 32.851
TNS   : 0.000

Type  : Fast 1200mV 0C Model Hold 'u_vga|video_pll_0|video_pll|PLL_for_DE_Series_Boards|auto_generated|pll1|clk[1]'
Slack : 0.149
TNS   : 0.000

Type  : Fast 1200mV 0C Model Minimum Pulse Width 'CLOCK_50'
Slack : 9.400
TNS   : 0.000

Type  : Fast 1200mV 0C Model Minimum Pulse Width 'u_vga|video_pll_0|video_pll|PLL_for_DE_Series_Boards|auto_generated|pll1|clk[1]'
Slack : 19.751
TNS   : 0.000

------------------------------------------------------------
